12:37:44 **** Incremental Build of configuration Debug for project Test04_UART ****
make -j4 all 
arm-none-eabi-gcc "../Core/Src/main.c" -mcpu=cortex-m4 -std=gnu11 -g3 -DDEBUG -DUSE_HAL_DRIVER -DSTM32F411xE -c -I../Core/Inc -I../Drivers/STM32F4xx_HAL_Driver/Inc -I../Drivers/STM32F4xx_HAL_Driver/Inc/Legacy -I../Drivers/CMSIS/Device/ST/STM32F4xx/Include -I../Drivers/CMSIS/Include -O0 -ffunction-sections -fdata-sections -Wall -fstack-usage -fcyclomatic-complexity -MMD -MP -MF"Core/Src/main.d" -MT"Core/Src/main.o" --specs=nano.specs -mfpu=fpv4-sp-d16 -mfloat-abi=hard -mthumb -o "Core/Src/main.o"
../Core/Src/main.c: In function '__io_putchar':
../Core/Src/main.c:68:36: warning: passing argument 2 of 'HAL_UART_Transmit' from incompatible pointer type [-Wincompatible-pointer-types]
   68 |         HAL_UART_Transmit(&huart2, &ch, 1, 10);
      |                                    ^~~
      |                                    |
      |                                    int *
In file included from ../Core/Inc/stm32f4xx_hal_conf.h:411,
                 from ../Drivers/STM32F4xx_HAL_Driver/Inc/stm32f4xx_hal.h:29,
                 from ../Core/Inc/main.h:30,
                 from ../Core/Src/main.c:20:
../Drivers/STM32F4xx_HAL_Driver/Inc/stm32f4xx_hal_uart.h:745:79: note: expected 'const uint8_t *' {aka 'const unsigned char *'} but argument is of type 'int *'
  745 | HAL_StatusTypeDef HAL_UART_Transmit(UART_HandleTypeDef *huart, const uint8_t *pData, uint16_t Size, uint32_t Timeout);
      |                                                                ~~~~~~~~~~~~~~~^~~~~
../Core/Src/main.c: In function '__io_getchar':
../Core/Src/main.c:78:65: warning: passing argument 2 of 'HAL_UART_Receive' from incompatible pointer type [-Wincompatible-pointer-types]
   78 |                 HAL_StatusTypeDef r = HAL_UART_Receive(&huart2, &ch, 1, 10);
      |                                                                 ^~~
      |                                                                 |
      |                                                                 int *
In file included from ../Core/Inc/stm32f4xx_hal_conf.h:411,
                 from ../Drivers/STM32F4xx_HAL_Driver/Inc/stm32f4xx_hal.h:29,
                 from ../Core/Inc/main.h:30,
                 from ../Core/Src/main.c:20:
../Drivers/STM32F4xx_HAL_Driver/Inc/stm32f4xx_hal_uart.h:746:72: note: expected 'uint8_t *' {aka 'unsigned char *'} but argument is of type 'int *'
  746 | HAL_StatusTypeDef HAL_UART_Receive(UART_HandleTypeDef *huart, uint8_t *pData, uint16_t Size, uint32_t Timeout);
      |                                                               ~~~~~~~~~^~~~~
../Core/Src/main.c:81:36: warning: passing argument 2 of 'HAL_UART_Transmit' from incompatible pointer type [-Wincompatible-pointer-types]
   81 |         HAL_UART_Transmit(&huart2, &ch, 1, 10); //echo
      |                                    ^~~
      |                                    |
      |                                    int *
In file included from ../Core/Inc/stm32f4xx_hal_conf.h:411,
                 from ../Drivers/STM32F4xx_HAL_Driver/Inc/stm32f4xx_hal.h:29,
                 from ../Core/Inc/main.h:30,
                 from ../Core/Src/main.c:20:
../Drivers/STM32F4xx_HAL_Driver/Inc/stm32f4xx_hal_uart.h:745:79: note: expected 'const uint8_t *' {aka 'const unsigned char *'} but argument is of type 'int *'
  745 | HAL_StatusTypeDef HAL_UART_Transmit(UART_HandleTypeDef *huart, const uint8_t *pData, uint16_t Size, uint32_t Timeout);
      |                                                                ~~~~~~~~~~~~~~~^~~~~
../Core/Src/main.c: In function 'scanfEx1':
../Core/Src/main.c:100:14: warning: implicit declaration of function 'atoi' [-Wimplicit-function-declaration]
  100 |         *k = atoi(buf);
      |              ^~~~
../Core/Src/main.c: In function 'GetDmaData':
../Core/Src/main.c:125:17: warning: implicit declaration of function 'memcpy' [-Wimplicit-function-declaration]
  125 |                 memcpy(dmaBuf, rxBuf2+head, tail-head); len = tail - head;
      |                 ^~~~~~
../Core/Src/main.c:21:1: note: include '<string.h>' or provide a declaration of 'memcpy'
   20 | #include "main.h"
  +++ |+#include <string.h>
   21 | 
../Core/Src/main.c:125:17: warning: incompatible implicit declaration of built-in function 'memcpy' [-Wbuiltin-declaration-mismatch]
  125 |                 memcpy(dmaBuf, rxBuf2+head, tail-head); len = tail - head;
      |                 ^~~~~~
../Core/Src/main.c:125:17: note: include '<string.h>' or provide a declaration of 'memcpy'
../Core/Src/main.c:129:17: warning: incompatible implicit declaration of built-in function 'memcpy' [-Wbuiltin-declaration-mismatch]
  129 |                 memcpy(dmaBuf, rxBuf2+head, RX_BUF_SIZE-head);
      |                 ^~~~~~
../Core/Src/main.c:129:17: note: include '<string.h>' or provide a declaration of 'memcpy'
../Core/Src/main.c: In function 'HAL_UART_RxCpltCallback':
../Core/Src/main.c:145:52: warning: pointer targets in passing argument 2 of 'HAL_UART_Transmit' differ in signedness [-Wpointer-sign]
  145 |                         HAL_UART_Transmit(&huart2, rxBuf1, rxIdx1, 10);
      |                                                    ^~~~~~
      |                                                    |
      |                                                    char *
In file included from ../Core/Inc/stm32f4xx_hal_conf.h:411,
                 from ../Drivers/STM32F4xx_HAL_Driver/Inc/stm32f4xx_hal.h:29,
                 from ../Core/Inc/main.h:30,
                 from ../Core/Src/main.c:20:
../Drivers/STM32F4xx_HAL_Driver/Inc/stm32f4xx_hal_uart.h:745:79: note: expected 'const uint8_t *' {aka 'const unsigned char *'} but argument is of type 'char *'
  745 | HAL_StatusTypeDef HAL_UART_Transmit(UART_HandleTypeDef *huart, const uint8_t *pData, uint16_t Size, uint32_t Timeout);
      |                                                                ~~~~~~~~~~~~~~~^~~~~
../Core/Src/main.c:146:52: warning: pointer targets in passing argument 2 of 'HAL_UART_Transmit' differ in signedness [-Wpointer-sign]
  146 |                         HAL_UART_Transmit(&huart2, "\r\n", 2, 10); //putty display out
      |                                                    ^~~~~~
      |                                                    |
      |                                                    char *
In file included from ../Core/Inc/stm32f4xx_hal_conf.h:411,
                 from ../Drivers/STM32F4xx_HAL_Driver/Inc/stm32f4xx_hal.h:29,
                 from ../Core/Inc/main.h:30,
                 from ../Core/Src/main.c:20:
../Drivers/STM32F4xx_HAL_Driver/Inc/stm32f4xx_hal_uart.h:745:79: note: expected 'const uint8_t *' {aka 'const unsigned char *'} but argument is of type 'char *'
  745 | HAL_StatusTypeDef HAL_UART_Transmit(UART_HandleTypeDef *huart, const uint8_t *pData, uint16_t Size, uint32_t Timeout);
      |                                                                ~~~~~~~~~~~~~~~^~~~~
../Core/Src/main.c:155:28: warning: implicit declaration of function 'strncmp' [-Wimplicit-function-declaration]
  155 |                         if(strncmp(rxBuf2, "BT>", 3) == 0)
      |                            ^~~~~~~
../Core/Src/main.c:155:28: note: include '<string.h>' or provide a declaration of 'strncmp'
../Core/Src/main.c:155:51: warning: 'strncmp' argument 3 type is 'int' where 'unsigned int' is expected in a call to built-in function declared without prototype [-Wbuiltin-declaration-mismatch]
  155 |                         if(strncmp(rxBuf2, "BT>", 3) == 0)
      |                                                   ^
<built-in>: note: built-in 'strncmp' declared here
../Core/Src/main.c:157:66: warning: pointer targets in passing argument 2 of 'HAL_UART_Transmit' differ in signedness [-Wpointer-sign]
  157 |                                 HAL_UART_Transmit(&huart1, rxBuf2+3, rxIdx2-4, 10);
      |                                                            ~~~~~~^~
      |                                                                  |
      |                                                                  char *
In file included from ../Core/Inc/stm32f4xx_hal_conf.h:411,
                 from ../Drivers/STM32F4xx_HAL_Driver/Inc/stm32f4xx_hal.h:29,
                 from ../Core/Inc/main.h:30,
                 from ../Core/Src/main.c:20:
../Drivers/STM32F4xx_HAL_Driver/Inc/stm32f4xx_hal_uart.h:745:79: note: expected 'const uint8_t *' {aka 'const unsigned char *'} but argument is of type 'char *'
  745 | HAL_StatusTypeDef HAL_UART_Transmit(UART_HandleTypeDef *huart, const uint8_t *pData, uint16_t Size, uint32_t Timeout);
      |                                                                ~~~~~~~~~~~~~~~^~~~~
../Core/Src/main.c:158:77: warning: implicit declaration of function 'strlen' [-Wimplicit-function-declaration]
  158 |                                 if(op>0) HAL_UART_Transmit(&huart1, EL[op], strlen(EL[op]), 10);
      |                                                                             ^~~~~~
../Core/Src/main.c:158:77: note: include '<string.h>' or provide a declaration of 'strlen'
../Core/Src/main.c:158:77: warning: incompatible implicit declaration of built-in function 'strlen' [-Wbuiltin-declaration-mismatch]
../Core/Src/main.c:158:77: note: include '<string.h>' or provide a declaration of 'strlen'
../Core/Src/main.c:158:71: warning: pointer targets in passing argument 2 of 'HAL_UART_Transmit' differ in signedness [-Wpointer-sign]
  158 |                                 if(op>0) HAL_UART_Transmit(&huart1, EL[op], strlen(EL[op]), 10);
      |                                                                     ~~^~~~
      |                                                                       |
      |                                                                       char *
In file included from ../Core/Inc/stm32f4xx_hal_conf.h:411,
                 from ../Drivers/STM32F4xx_HAL_Driver/Inc/stm32f4xx_hal.h:29,
                 from ../Core/Inc/main.h:30,
                 from ../Core/Src/main.c:20:
../Drivers/STM32F4xx_HAL_Driver/Inc/stm32f4xx_hal_uart.h:745:79: note: expected 'const uint8_t *' {aka 'const unsigned char *'} but argument is of type 'char *'
  745 | HAL_StatusTypeDef HAL_UART_Transmit(UART_HandleTypeDef *huart, const uint8_t *pData, uint16_t Size, uint32_t Timeout);
      |                                                                ~~~~~~~~~~~~~~~^~~~~
../Core/Src/main.c:159:66: warning: pointer targets in passing argument 2 of 'HAL_UART_Transmit' differ in signedness [-Wpointer-sign]
  159 |                                 HAL_UART_Transmit(&huart2, rxBuf2+3, rxIdx2-4, 10);
      |                                                            ~~~~~~^~
      |                                                                  |
      |                                                                  char *
In file included from ../Core/Inc/stm32f4xx_hal_conf.h:411,
                 from ../Drivers/STM32F4xx_HAL_Driver/Inc/stm32f4xx_hal.h:29,
                 from ../Core/Inc/main.h:30,
                 from ../Core/Src/main.c:20:
../Drivers/STM32F4xx_HAL_Driver/Inc/stm32f4xx_hal_uart.h:745:79: note: expected 'const uint8_t *' {aka 'const unsigned char *'} but argument is of type 'char *'
  745 | HAL_StatusTypeDef HAL_UART_Transmit(UART_HandleTypeDef *huart, const uint8_t *pData, uint16_t Size, uint32_t Timeout);
      |                                                                ~~~~~~~~~~~~~~~^~~~~
../Core/Src/main.c:160:60: warning: pointer targets in passing argument 2 of 'HAL_UART_Transmit' differ in signedness [-Wpointer-sign]
  160 |                                 HAL_UART_Transmit(&huart2, "\r\n", 2, 10);
      |                                                            ^~~~~~
      |                                                            |
      |                                                            char *
In file included from ../Core/Inc/stm32f4xx_hal_conf.h:411,
                 from ../Drivers/STM32F4xx_HAL_Driver/Inc/stm32f4xx_hal.h:29,
                 from ../Core/Inc/main.h:30,
                 from ../Core/Src/main.c:20:
../Drivers/STM32F4xx_HAL_Driver/Inc/stm32f4xx_hal_uart.h:745:79: note: expected 'const uint8_t *' {aka 'const unsigned char *'} but argument is of type 'char *'
  745 | HAL_StatusTypeDef HAL_UART_Transmit(UART_HandleTypeDef *huart, const uint8_t *pData, uint16_t Size, uint32_t Timeout);
      |                                                                ~~~~~~~~~~~~~~~^~~~~
../Core/Src/main.c:164:66: warning: pointer targets in passing argument 2 of 'HAL_UART_Transmit' differ in signedness [-Wpointer-sign]
  164 |                                 HAL_UART_Transmit(&huart2, rxBuf2+3, rxIdx2-4, 10);
      |                                                            ~~~~~~^~
      |                                                                  |
      |                                                                  char *
In file included from ../Core/Inc/stm32f4xx_hal_conf.h:411,
                 from ../Drivers/STM32F4xx_HAL_Driver/Inc/stm32f4xx_hal.h:29,
                 from ../Core/Inc/main.h:30,
                 from ../Core/Src/main.c:20:
../Drivers/STM32F4xx_HAL_Driver/Inc/stm32f4xx_hal_uart.h:745:79: note: expected 'const uint8_t *' {aka 'const unsigned char *'} but argument is of type 'char *'
  745 | HAL_StatusTypeDef HAL_UART_Transmit(UART_HandleTypeDef *huart, const uint8_t *pData, uint16_t Size, uint32_t Timeout);
      |                                                                ~~~~~~~~~~~~~~~^~~~~
../Core/Src/main.c:165:60: warning: pointer targets in passing argument 2 of 'HAL_UART_Transmit' differ in signedness [-Wpointer-sign]
  165 |                                 HAL_UART_Transmit(&huart2, "\r\n", 2, 10);
      |                                                            ^~~~~~
      |                                                            |
      |                                                            char *
In file included from ../Core/Inc/stm32f4xx_hal_conf.h:411,
                 from ../Drivers/STM32F4xx_HAL_Driver/Inc/stm32f4xx_hal.h:29,
                 from ../Core/Inc/main.h:30,
                 from ../Core/Src/main.c:20:
../Drivers/STM32F4xx_HAL_Driver/Inc/stm32f4xx_hal_uart.h:745:79: note: expected 'const uint8_t *' {aka 'const unsigned char *'} but argument is of type 'char *'
  745 | HAL_StatusTypeDef HAL_UART_Transmit(UART_HandleTypeDef *huart, const uint8_t *pData, uint16_t Size, uint32_t Timeout);
      |                                                                ~~~~~~~~~~~~~~~^~~~~
../Core/Src/main.c:170:36: warning: pointer targets in passing argument 2 of 'HAL_UART_Receive_IT' differ in signedness [-Wpointer-sign]
  170 |         HAL_UART_Receive_IT(huart, &rx, 1);
      |                                    ^~~
      |                                    |
      |                                    char *
In file included from ../Core/Inc/stm32f4xx_hal_conf.h:411,
                 from ../Drivers/STM32F4xx_HAL_Driver/Inc/stm32f4xx_hal.h:29,
                 from ../Core/Inc/main.h:30,
                 from ../Core/Src/main.c:20:
../Drivers/STM32F4xx_HAL_Driver/Inc/stm32f4xx_hal_uart.h:748:75: note: expected 'uint8_t *' {aka 'unsigned char *'} but argument is of type 'char *'
  748 | HAL_StatusTypeDef HAL_UART_Receive_IT(UART_HandleTypeDef *huart, uint8_t *pData, uint16_t Size);
      |                                                                  ~~~~~~~~~^~~~~
../Core/Src/main.c: In function 'HAL_TIM_PeriodElapsedCallback':
../Core/Src/main.c:178:11: warning: implicit declaration of function 'printf' [-Wimplicit-function-declaration]
  178 |           printf("%s\r\n", rxBuf1); rxIdx1=0;
      |           ^~~~~~
../Core/Src/main.c:21:1: note: include '<stdio.h>' or provide a declaration of 'printf'
   20 | #include "main.h"
  +++ |+#include <stdio.h>
   21 | 
../Core/Src/main.c:178:11: warning: incompatible implicit declaration of built-in function 'printf' [-Wbuiltin-declaration-mismatch]
  178 |           printf("%s\r\n", rxBuf1); rxIdx1=0;
      |           ^~~~~~
../Core/Src/main.c:178:11: note: include '<stdio.h>' or provide a declaration of 'printf'
../Core/Src/main.c: In function 'HAL_GPIO_EXTI_Callback':
../Core/Src/main.c:188:19: warning: incompatible implicit declaration of built-in function 'printf' [-Wbuiltin-declaration-mismatch]
  188 |                   printf("[Receive Buffer] %s\r\n", rxBuf2);
      |                   ^~~~~~
../Core/Src/main.c:188:19: note: include '<stdio.h>' or provide a declaration of 'printf'
../Core/Src/main.c: In function 'main':
../Core/Src/main.c:253:3: warning: incompatible implicit declaration of built-in function 'printf' [-Wbuiltin-declaration-mismatch]
  253 |   printf("\033[1J\033[1;1HUART Program Started...\r\n");
      |   ^~~~~~
../Core/Src/main.c:253:3: note: include '<stdio.h>' or provide a declaration of 'printf'
../Core/Src/main.c:270:32: warning: pointer targets in passing argument 2 of 'HAL_UART_Receive_IT' differ in signedness [-Wpointer-sign]
  270 |   HAL_UART_Receive_IT(&huart1, &rx, 1);
      |                                ^~~
      |                                |
      |                                char *
In file included from ../Core/Inc/stm32f4xx_hal_conf.h:411,
                 from ../Drivers/STM32F4xx_HAL_Driver/Inc/stm32f4xx_hal.h:29,
                 from ../Core/Inc/main.h:30,
                 from ../Core/Src/main.c:20:
../Drivers/STM32F4xx_HAL_Driver/Inc/stm32f4xx_hal_uart.h:748:75: note: expected 'uint8_t *' {aka 'unsigned char *'} but argument is of type 'char *'
  748 | HAL_StatusTypeDef HAL_UART_Receive_IT(UART_HandleTypeDef *huart, uint8_t *pData, uint16_t Size);
      |                                                                  ~~~~~~~~~^~~~~
../Core/Src/main.c:271:32: warning: pointer targets in passing argument 2 of 'HAL_UART_Receive_IT' differ in signedness [-Wpointer-sign]
  271 |   HAL_UART_Receive_IT(&huart2, &rx, 1);
      |                                ^~~
      |                                |
      |                                char *
In file included from ../Core/Inc/stm32f4xx_hal_conf.h:411,
                 from ../Drivers/STM32F4xx_HAL_Driver/Inc/stm32f4xx_hal.h:29,
                 from ../Core/Inc/main.h:30,
                 from ../Core/Src/main.c:20:
../Drivers/STM32F4xx_HAL_Driver/Inc/stm32f4xx_hal_uart.h:748:75: note: expected 'uint8_t *' {aka 'unsigned char *'} but argument is of type 'char *'
  748 | HAL_StatusTypeDef HAL_UART_Receive_IT(UART_HandleTypeDef *huart, uint8_t *pData, uint16_t Size);
      |                                                                  ~~~~~~~~~^~~~~
arm-none-eabi-gcc -o "Test04_UART.elf" @"objects.list"   -mcpu=cortex-m4 -T"C:\workspace_intel_2\workspace_intel_2\Test04_UART\STM32F411RETX_FLASH.ld" --specs=nosys.specs -Wl,-Map="Test04_UART.map" -Wl,--gc-sections -static --specs=nano.specs -mfpu=fpv4-sp-d16 -mfloat-abi=hard -mthumb -Wl,--start-group -lc -lm -Wl,--end-group
Finished building target: Test04_UART.elf
 
arm-none-eabi-size  Test04_UART.elf 
arm-none-eabi-objdump -h -S Test04_UART.elf  > "Test04_UART.list"
   text	   data	    bss	    dec	    hex	filename
  21920	    132	   2356	  24408	   5f58	Test04_UART.elf
Finished building: default.size.stdout
 
Finished building: Test04_UART.list
 

12:37:45 Build Finished. 0 errors, 26 warnings. (took 1s.74ms)

